Testing error: invalid date...
Testing error: importance below threshold...
Testing success payload structure...
